// Jest Snapshot v1, https://goo.gl/fbAQLP

exports[`renders properly the company details page renders correctly 1`] = `
<h2>
  Loading...
</h2>
`;
