// Jest Snapshot v1, https://goo.gl/fbAQLP

exports[`renders correctly 1`] = `
<div
  className="search-name"
>
  <input
    className="px-2"
    id="search"
    onChange={[Function]}
    placeholder="Search company by name..."
    type="search"
    value=""
  />
</div>
`;
