// Jest Snapshot v1, https://goo.gl/fbAQLP

exports[`renders the company stock data renders properly 1`] = `
<d1>
  Loading...
</d1>
`;
